
> aresweb@1.0.0 test
> vitest run


[1m[30m[46m RUN [49m[39m[22m [36mv4.1.4 [39m[90mC:/Users/david/dev/robotics/ftc/ARESWEB[39m

 [31mΓ¥»[39m src/utils/analytics.test.ts [2m([22m[2m4 tests[22m[2m | [22m[31m1 failed[39m[2m)[22m[32m 41[2mms[22m[39m
     [32mΓ£ô[39m tracks on localhost[32m 9[2mms[22m[39m
     [32mΓ£ô[39m tracks on local 127.0.0.1 loopback[32m 2[2mms[22m[39m
[31m     [31m├ù[31m fires a POST request to the analytics api for external domains[39m[32m 14[2mms[22m[39m
     [32mΓ£ô[39m fails silently without crashing if the fetch terminates[32m 5[2mms[22m[39m
 [32mΓ£ô[39m src/components/BrandLogo.test.tsx [2m([22m[2m4 tests[22m[2m)[22m[33m 399[2mms[22m[39m
     [33m[2mΓ£ô[22m[39m renders a loading skeleton initially, then the image [33m 318[2mms[22m[39m
 [32mΓ£ô[39m src/contexts/ModalContext.test.tsx [2m([22m[2m7 tests[22m[2m)[22m[33m 450[2mms[22m[39m
 [32mΓ£ô[39m src/hooks/useImageUpload.test.ts [2m([22m[2m3 tests[22m[2m)[22m[32m 132[2mms[22m[39m
 [32mΓ£ô[39m src/hooks/useDashboardNotifications.test.ts [2m([22m[2m6 tests[22m[2m)[22m[33m 357[2mms[22m[39m
 [32mΓ£ô[39m src/hooks/useContentMutation.test.ts [2m([22m[2m5 tests[22m[2m)[22m[33m 398[2mms[22m[39m
 [32mΓ£ô[39m src/hooks/useAdminSettings.test.ts [2m([22m[2m5 tests[22m[2m)[22m[33m 478[2mms[22m[39m
 [32mΓ£ô[39m src/hooks/useDashboardSession.test.ts [2m([22m[2m6 tests[22m[2m)[22m[33m 523[2mms[22m[39m
 [32mΓ£ô[39m src/hooks/useEntityFetch.test.ts [2m([22m[2m4 tests[22m[2m)[22m[33m 520[2mms[22m[39m
 [32mΓ£ô[39m src/components/events/EventCard.test.tsx [2m([22m[2m8 tests[22m[2m)[22m[32m 238[2mms[22m[39m
 [32mΓ£ô[39m src/App.test.tsx [2m([22m[2m1 test[22m[2m)[22m[33m 429[2mms[22m[39m
     [33m[2mΓ£ô[22m[39m renders the app successfully without crashing [33m 406[2mms[22m[39m
[90mstdout[2m | functions/api/routes/profiles.test.ts
[22m[39m[ts-rest] Initialized GET /me
[ts-rest] Initialized PUT /me
[ts-rest] Initialized GET /team-roster
[ts-rest] Initialized GET /:userId

 [31mΓ¥»[39m functions/api/routes/profiles.test.ts [2m([22m[2m14 tests[22m[2m | [22m[31m3 failed[39m[2m)[22m[32m 86[2mms[22m[39m
     [32mΓ£ô[39m should return /me profile for authenticated user[32m 20[2mms[22m[39m
[31m     [31m├ù[31m should handle /me fetch errors gracefully[39m[32m 13[2mms[22m[39m
     [32mΓ£ô[39m should update /me profile[32m 9[2mms[22m[39m
[31m     [31m├ù[31m should return 500 on /me update error[39m[32m 4[2mms[22m[39m
     [32mΓ£ô[39m should update /avatar[32m 3[2mms[22m[39m
     [32mΓ£ô[39m should return 500 on /avatar update error[32m 4[2mms[22m[39m
     [32mΓ£ô[39m should return team roster[32m 5[2mms[22m[39m
[31m     [31m├ù[31m should handle team roster FTS5 search[39m[32m 4[2mms[22m[39m
     [32mΓ£ô[39m should return 500 on team roster fetch error[32m 3[2mms[22m[39m
     [32mΓ£ô[39m should return public profile by userId[32m 2[2mms[22m[39m
     [32mΓ£ô[39m should return 404 for non-existent profile[32m 2[2mms[22m[39m
     [32mΓ£ô[39m should return 403 for private profile[32m 2[2mms[22m[39m
     [32mΓ£ô[39m should fetch sensitive info for self/admin in public profile[32m 3[2mms[22m[39m
     [32mΓ£ô[39m should handle public profile fetch error[32m 2[2mms[22m[39m
[90mstdout[2m | functions/api/routes/users.test.ts
[22m[39m[ts-rest] Initialized GET /admin/list
[ts-rest] Initialized GET /admin/:id
[ts-rest] Initialized PATCH /admin/:id
[ts-rest] Initialized PUT /admin/:id/profile
[ts-rest] Initialized DELETE /admin/:id

[90mstdout[2m | functions/api/routes/comments.test.ts
[22m[39m[ts-rest] Initialized GET /:targetType/:targetId
[ts-rest] Initialized POST /:targetType/:targetId
[ts-rest] Initialized PATCH /:id
[ts-rest] Initialized DELETE /:id

[90mstdout[2m | functions/api/routes/media.test.ts
[22m[39m[ts-rest] Initialized GET /
[ts-rest] Initialized GET /admin
[ts-rest] Initialized POST /admin/upload
[ts-rest] Initialized PUT /admin/move/:key
[ts-rest] Initialized DELETE /admin/:key
[ts-rest] Initialized POST /admin/syndicate

 [31mΓ¥»[39m functions/api/routes/media.test.ts [2m([22m[2m3 tests[22m[2m | [22m[31m3 failed[39m[2m)[22m[32m 18[2mms[22m[39m
[31m     [31m├ù[31m GET / - list public gallery media[39m[32m 5[2mms[22m[39m
[31m     [31m├ù[31m DELETE /admin/:key - delete asset[39m[32m 2[2mms[22m[39m
[31m     [31m├ù[31m POST /admin/upload - upload file[39m[32m 1[2mms[22m[39m
 [31mΓ¥»[39m functions/api/routes/users.test.ts [2m([22m[2m4 tests[22m[2m | [22m[31m2 failed[39m[2m)[22m[32m 69[2mms[22m[39m
[31m     [31m├ù[31m GET /admin/list - list users[39m[32m 37[2mms[22m[39m
[31m     [31m├ù[31m GET /admin/:id - detail view[39m[32m 11[2mms[22m[39m
     [32mΓ£ô[39m PATCH /admin/:id - update role[32m 7[2mms[22m[39m
     [32mΓ£ô[39m DELETE /admin/:id - delete user[32m 4[2mms[22m[39m
 [31mΓ¥»[39m functions/api/routes/comments.test.ts [2m([22m[2m5 tests[22m[2m | [22m[31m3 failed[39m[2m)[22m[32m 68[2mms[22m[39m
     [32mΓ£ô[39m should list comments for a target[32m 22[2mms[22m[39m
     [32mΓ£ô[39m should create a new comment[32m 8[2mms[22m[39m
[31m     [31m├ù[31m should return 400 for empty comment content[39m[32m 11[2mms[22m[39m
[31m     [31m├ù[31m should edit an existing comment[39m[32m 4[2mms[22m[39m
[31m     [31m├ù[31m should soft-delete a comment[39m[32m 10[2mms[22m[39m
[90mstdout[2m | src/utils/imageProcessor.test.ts[2m > [22m[2mimageProcessor utility[2m > [22m[2mfalls back to heic2any software decode if native native canvas decoding fails
[22m[39m[imageProcessor] HEIC detected: photo.heic

 [32mΓ£ô[39m src/utils/security.test.ts [2m([22m[2m6 tests[22m[2m)[22m[32m 62[2mms[22m[39m
[90mstdout[2m | src/utils/imageProcessor.test.ts[2m > [22m[2mimageProcessor utility[2m > [22m[2mhandles software decode failure gracefully
[22m[39m[imageProcessor] HEIC detected: photo.heic

 [32mΓ£ô[39m src/utils/imageProcessor.test.ts [2m([22m[2m7 tests[22m[2m)[22m[32m 80[2mms[22m[39m
[90mstdout[2m | functions/api/routes/analytics.test.ts
[22m[39m[ts-rest] Initialized POST /track
[ts-rest] Initialized POST /sponsor-click
[ts-rest] Initialized GET /admin/summary
[ts-rest] Initialized GET /admin/roster-stats
[ts-rest] Initialized GET /leaderboard
[ts-rest] Initialized GET /admin/stats
[ts-rest] Initialized GET /search

 [32mΓ£ô[39m functions/api/routes/analytics.test.ts [2m([22m[2m10 tests[22m[2m)[22m[32m 141[2mms[22m[39m
 [32mΓ£ô[39m functions/utils/notifications.test.ts [2m([22m[2m10 tests[22m[2m)[22m[32m 43[2mms[22m[39m
[90mstdout[2m | functions/api/routes/outreach.test.ts
[22m[39m[ts-rest] Initialized GET /
[ts-rest] Initialized GET /admin/list
[ts-rest] Initialized POST /admin/save
[ts-rest] Initialized DELETE /admin/:id

 [32mΓ£ô[39m functions/api/routes/outreach.test.ts [2m([22m[2m3 tests[22m[2m)[22m[32m 49[2mms[22m[39m
[90mstdout[2m | functions/api/routes/judges.test.ts
[22m[39m[ts-rest] Initialized POST /login
[ts-rest] Initialized GET /portfolio
[ts-rest] Initialized GET /admin/codes
[ts-rest] Initialized POST /admin/codes
[ts-rest] Initialized DELETE /admin/codes/:id

 [32mΓ£ô[39m functions/api/routes/judges.test.ts [2m([22m[2m5 tests[22m[2m)[22m[32m 49[2mms[22m[39m
[90mstdout[2m | functions/api/routes/inquiries.test.ts
[22m[39m[ts-rest] Initialized GET /admin/list
[ts-rest] Initialized POST /
[ts-rest] Initialized PATCH /admin/:id/status
[ts-rest] Initialized DELETE /admin/:id

[90mstdout[2m | functions/api/routes/posts.test.ts
[22m[39m[ts-rest] Initialized GET /
[ts-rest] Initialized GET /:slug
[ts-rest] Initialized GET /admin/list
[ts-rest] Initialized GET /admin/:slug
[ts-rest] Initialized POST /admin/save
[ts-rest] Initialized POST /admin/:slug
[ts-rest] Initialized DELETE /admin/:slug
[ts-rest] Initialized POST /admin/:slug/undelete
[ts-rest] Initialized DELETE /admin/:slug/purge
[ts-rest] Initialized POST /admin/:slug/approve
[ts-rest] Initialized POST /admin/:slug/reject
[ts-rest] Initialized GET /admin/:slug/history
[ts-rest] Initialized POST /admin/:slug/history/:id/restore
[ts-rest] Initialized POST /admin/:slug/repush

 [32mΓ£ô[39m functions/api/routes/inquiries.test.ts [2m([22m[2m4 tests[22m[2m)[22m[32m 95[2mms[22m[39m
 [32mΓ£ô[39m functions/api/routes/githubWebhook.test.ts [2m([22m[2m2 tests[22m[2m)[22m[32m 64[2mms[22m[39m
 [32mΓ£ô[39m functions/api/routes/posts.test.ts [2m([22m[2m11 tests[22m[2m)[22m[32m 174[2mms[22m[39m
[90mstdout[2m | functions/api/routes/sponsors.test.ts
[22m[39m[ts-rest] Initialized GET /
[ts-rest] Initialized GET /roi/:token
[ts-rest] Initialized GET /admin/list
[ts-rest] Initialized POST /admin/save
[ts-rest] Initialized DELETE /admin/:id
[ts-rest] Initialized GET /admin/tokens
[ts-rest] Initialized POST /admin/tokens/generate

 [32mΓ£ô[39m functions/api/routes/sponsors.test.ts [2m([22m[2m3 tests[22m[2m)[22m[32m 55[2mms[22m[39m
 [32mΓ£ô[39m functions/api/routes/zulipWebhook.test.ts [2m([22m[2m3 tests[22m[2m)[22m[32m 51[2mms[22m[39m
[90mstdout[2m | functions/api/routes/events/events.test.ts
[22m[39m[ts-rest] Initialized GET /
[ts-rest] Initialized GET /calendar-settings
[ts-rest] Initialized GET /:id
[ts-rest] Initialized GET /admin/list
[ts-rest] Initialized GET /admin/:id
[ts-rest] Initialized POST /admin/save
[ts-rest] Initialized PATCH /admin/:id
[ts-rest] Initialized DELETE /admin/:id
[ts-rest] Initialized POST /admin/:id/approve
[ts-rest] Initialized POST /admin/:id/reject
[ts-rest] Initialized POST /admin/:id/restore
[ts-rest] Initialized DELETE /admin/:id/purge
[ts-rest] Initialized POST /admin/sync
[ts-rest] Initialized GET /:id/signups
[ts-rest] Initialized POST /:id/signups
[ts-rest] Initialized DELETE /:id/signups
[ts-rest] Initialized PATCH /:id/signups/me/attendance
[ts-rest] Initialized PATCH /admin/:id/signups/:userId/attendance

 [32mΓ£ô[39m functions/api/routes/events/events.test.ts [2m([22m[2m7 tests[22m[2m)[22m[32m 73[2mms[22m[39m
 [32mΓ£ô[39m functions/utils/crypto.test.ts [2m([22m[2m12 tests[22m[2m)[22m[32m 29[2mms[22m[39m
[90mstdout[2m | functions/api/routes/notifications.test.ts
[22m[39m[ts-rest] Initialized GET /
[ts-rest] Initialized PUT /:id/read
[ts-rest] Initialized PUT /read-all

 [32mΓ£ô[39m functions/api/routes/notifications.test.ts [2m([22m[2m3 tests[22m[2m)[22m[32m 45[2mms[22m[39m
[90mstdout[2m | functions/api/routes/seasons.test.ts
[22m[39m[ts-rest] Initialized GET /
[ts-rest] Initialized GET /admin/list
[ts-rest] Initialized GET /admin/:id
[ts-rest] Initialized GET /:year
[ts-rest] Initialized POST /admin/save
[ts-rest] Initialized DELETE /admin/:id
[ts-rest] Initialized POST /admin/:id/undelete
[ts-rest] Initialized DELETE /admin/:id/purge

[90mstdout[2m | functions/api/routes/settings.test.ts
[22m[39m[ts-rest] Initialized GET /admin/settings
[ts-rest] Initialized POST /admin/settings
[ts-rest] Initialized GET /admin/stats

 [32mΓ£ô[39m functions/api/routes/seasons.test.ts [2m([22m[2m3 tests[22m[2m)[22m[32m 126[2mms[22m[39m
 [32mΓ£ô[39m functions/api/routes/settings.test.ts [2m([22m[2m4 tests[22m[2m)[22m[32m 78[2mms[22m[39m
[90mstdout[2m | functions/api/routes/locations.test.ts
[22m[39m[ts-rest] Initialized GET /
[ts-rest] Initialized GET /admin/list
[ts-rest] Initialized POST /admin/save
[ts-rest] Initialized DELETE /admin/:id

[90mstdout[2m | functions/api/routes/docs.test.ts
[22m[39m[ts-rest] Initialized GET /
[ts-rest] Initialized GET /:slug
[ts-rest] Initialized GET /search
[ts-rest] Initialized GET /admin
[ts-rest] Initialized GET /admin/:slug/detail
[ts-rest] Initialized DELETE /admin/:slug
[ts-rest] Initialized POST /admin/save
[ts-rest] Initialized PATCH /admin/:slug/sort
[ts-rest] Initialized POST /:slug/feedback
[ts-rest] Initialized GET /admin/:slug/history
[ts-rest] Initialized PATCH /admin/:slug/history/:id/restore
[ts-rest] Initialized POST /admin/:slug/approve
[ts-rest] Initialized POST /admin/:slug/reject
[ts-rest] Initialized POST /admin/:slug/undelete
[ts-rest] Initialized POST /admin/:slug/purge

 [32mΓ£ô[39m functions/api/routes/docs.test.ts [2m([22m[2m3 tests[22m[2m)[22m[32m 40[2mms[22m[39m
 [32mΓ£ô[39m functions/api/routes/locations.test.ts [2m([22m[2m2 tests[22m[2m)[22m[32m 43[2mms[22m[39m
 [32mΓ£ô[39m src/utils/logoResolvers.test.ts [2m([22m[2m7 tests[22m[2m)[22m[32m 13[2mms[22m[39m
 [32mΓ£ô[39m src/utils/calendar.test.ts [2m([22m[2m5 tests[22m[2m)[22m[32m 21[2mms[22m[39m
 [32mΓ£ô[39m src/utils/cn.test.ts [2m([22m[2m4 tests[22m[2m)[22m[32m 24[2mms[22m[39m
 [32mΓ£ô[39m src/utils/tiptap.test.ts [2m([22m[2m12 tests[22m[2m)[22m[32m 14[2mms[22m[39m
 [32mΓ£ô[39m src/utils/auth-client.test.ts [2m([22m[2m1 test[22m[2m)[22m[32m 7[2mms[22m[39m
[90mstdout[2m | functions/api/routes/badges.test.ts
[22m[39m[ts-rest] Initialized GET /
[ts-rest] Initialized POST /admin
[ts-rest] Initialized POST /admin/grant
[ts-rest] Initialized DELETE /admin/grant/:userId/:badgeId
[ts-rest] Initialized DELETE /admin/:id

 [32mΓ£ô[39m functions/api/routes/badges.test.ts [2m([22m[2m2 tests[22m[2m)[22m[32m 29[2mms[22m[39m
 [32mΓ£ô[39m functions/api/routes/auth.test.ts [2m([22m[2m6 tests[22m[2m)[22m[32m 25[2mms[22m[39m
[90mstdout[2m | functions/api/routes/awards.test.ts
[22m[39m[ts-rest] Initialized GET /
[ts-rest] Initialized POST /admin/save
[ts-rest] Initialized DELETE /admin/:id

 [32mΓ£ô[39m functions/api/routes/awards.test.ts [2m([22m[2m3 tests[22m[2m)[22m[32m 26[2mms[22m[39m

[2m Test Files [22m [1m[31m5 failed[39m[22m[2m | [22m[1m[32m36 passed[39m[22m[90m (41)[39m
[2m      Tests [22m [1m[31m12 failed[39m[22m[2m | [22m[1m[32m205 passed[39m[22m[90m (217)[39m
[2m   Start at [22m 11:26:22
[2m   Duration [22m 34.79s[2m (transform 11.68s, setup 68.84s, import 167.39s, tests 5.67s, environment 182.26s)[22m

